╭────────────────────────────────────────────────────────────────────────────────────────╮
│ Body   Params   Authorization   Headers                                                │
│┌────────────────────────────┬──────────────────────────────────────────────────────    │
││ Header                     │ Value                                                    │
│├────────────────────────────┼──────────────────────────────────────────────────────    │
││ Authorization              │ Bearer token                                             │
│├────────────────────────────┼──────────────────────────────────────────────────────    │
││ Content-Type               │ application/json                                         │
│└────────────────────────────┴──────────────────────────────────────────────────────    │
│                                                                                        │
│                                                                                        │
│                                                                                        │
│                                                                                        │
│                                                                                        │
│                                                                                        │
│ hjkl:move  i:edit  o:add  dd:delete                                                    │
│                                                                                        │
╰── INSERT ──────────────────────────────────────────────────────────────────────────────╯