╭────────────────────────────╮
│ History                    │
│GET    https://api.exa…     │
│POST https://api.exa…       │
│DELETE https://api.exa…     │
│                            │
│                            │
│                            │
│                            │
│                            │
│                            │
│                            │
│                            │
│                            │
│                            │
│                            │
│                            │
│                            │
│                            │
│                            │
│                            │
╰────────────────────────────╯