╭────────────────────────────────────────────────────────────────────────────────────────╮
│ Body   Headers                                                                         │
│                                                                                        │
│ Content-Type: application/json                                                         │
│ X-Request-Id: abc-123                                                                  │
│                                                                                        │
│                                                                                        │
│                                                                                        │
│                                                                                        │
│                                                                                        │
│                                                                                        │
│                                                                                        │
│                                                                                        │
│                                                                                        │
│                                                                                        │
╰────────────────────────────────────────────────────────────────────────────────────────╯